This file contains any messages produced by compilers while
running configure, to aid debugging if configure makes a mistake.

It was created by oflops configure 0.01, which was
generated by GNU Autoconf 2.71.  Invocation command line was

  $ ./configure --with-openflow-src-dir=/home/threesamyak/col334/mininet/build/openflow

## --------- ##
## Platform. ##
## --------- ##

hostname = threesamyak-LOQ-15IRX9
uname -m = x86_64
uname -r = 6.14.0-29-generic
uname -s = Linux
uname -v = #29~24.04.1-Ubuntu SMP PREEMPT_DYNAMIC Thu Aug 14 16:52:50 UTC 2

/usr/bin/uname -p = x86_64
/bin/uname -X     = unknown

/bin/arch              = x86_64
/usr/bin/arch -k       = unknown
/usr/convex/getsysinfo = unknown
/usr/bin/hostinfo      = unknown
/bin/machine           = unknown
/usr/bin/oslevel       = unknown
/bin/universe          = unknown

PATH: /usr/local/cuda/bin/
PATH: /home/threesamyak/.vedic/bin/
PATH: /home/threesamyak/miniconda3/bin/
PATH: /home/threesamyak/miniconda3/condabin/
PATH: /home/threesamyak/.cargo/bin/
PATH: /home/threesamyak/.opam/default/bin/
PATH: /home/threesamyak/.local/bin/
PATH: /usr/local/sbin/
PATH: /usr/local/bin/
PATH: /usr/sbin/
PATH: /usr/bin/
PATH: /sbin/
PATH: /bin/
PATH: /usr/games/
PATH: /usr/local/games/
PATH: /snap/bin/
PATH: /snap/bin/


## ----------- ##
## Core tests. ##
## ----------- ##

configure:2459: looking for aux files: config.guess config.sub ltmain.sh compile missing install-sh
configure:2472:  trying ./
configure:2501:   ./config.guess found
configure:2501:   ./config.sub found
configure:2501:   ./ltmain.sh found
configure:2501:   ./compile found
configure:2501:   ./missing found
configure:2483:   ./install-sh found
configure:2630: checking for a BSD-compatible install
configure:2703: result: /usr/bin/install -c
configure:2714: checking whether build environment is sane
configure:2769: result: yes
configure:2928: checking for a race-free mkdir -p
configure:2972: result: /usr/bin/mkdir -p
configure:2979: checking for gawk
configure:3014: result: no
configure:2979: checking for mawk
configure:3000: found /usr/bin/mawk
configure:3011: result: mawk
configure:3022: checking whether make sets $(MAKE)
configure:3045: result: yes
configure:3075: checking whether make supports nested variables
configure:3093: result: yes
configure:3258: checking for /home/threesamyak/col334/mininet/build/openflow/include/openflow/openflow.h
configure:3273: result: yes
configure:3351: checking for gcc
configure:3372: found /usr/bin/gcc
configure:3383: result: gcc
configure:3736: checking for C compiler version
configure:3745: gcc --version >&5
gcc (Ubuntu 14.2.0-4ubuntu2~24.04) 14.2.0
Copyright (C) 2024 Free Software Foundation, Inc.
This is free software; see the source for copying conditions.  There is NO
warranty; not even for MERCHANTABILITY or FITNESS FOR A PARTICULAR PURPOSE.

configure:3756: $? = 0
configure:3745: gcc -v >&5
Using built-in specs.
COLLECT_GCC=gcc
COLLECT_LTO_WRAPPER=/usr/libexec/gcc/x86_64-linux-gnu/14/lto-wrapper
OFFLOAD_TARGET_NAMES=nvptx-none:amdgcn-amdhsa
OFFLOAD_TARGET_DEFAULT=1
Target: x86_64-linux-gnu
Configured with: ../src/configure -v --with-pkgversion='Ubuntu 14.2.0-4ubuntu2~24.04' --with-bugurl=file:///usr/share/doc/gcc-14/README.Bugs --enable-languages=c,ada,c++,go,d,fortran,objc,obj-c++,m2,rust --prefix=/usr --with-gcc-major-version-only --program-suffix=-14 --program-prefix=x86_64-linux-gnu- --enable-shared --enable-linker-build-id --libexecdir=/usr/libexec --without-included-gettext --enable-threads=posix --libdir=/usr/lib --enable-nls --enable-bootstrap --enable-clocale=gnu --enable-libstdcxx-debug --enable-libstdcxx-time=yes --with-default-libstdcxx-abi=new --enable-libstdcxx-backtrace --enable-gnu-unique-object --disable-vtable-verify --enable-plugin --enable-default-pie --with-system-zlib --enable-libphobos-checking=release --with-target-system-zlib=auto --enable-objc-gc=auto --enable-multiarch --disable-werror --enable-cet --with-arch-32=i686 --with-abi=m64 --with-multilib-list=m32,m64,mx32 --enable-multilib --with-tune=generic --enable-offload-targets=nvptx-none=/build/gcc-14-ig5ci0/gcc-14-14.2.0/debian/tmp-nvptx/usr,amdgcn-amdhsa=/build/gcc-14-ig5ci0/gcc-14-14.2.0/debian/tmp-gcn/usr --enable-offload-defaulted --without-cuda-driver --enable-checking=release --build=x86_64-linux-gnu --host=x86_64-linux-gnu --target=x86_64-linux-gnu --with-build-config=bootstrap-lto-lean --enable-link-serialization=2
Thread model: posix
Supported LTO compression algorithms: zlib zstd
gcc version 14.2.0 (Ubuntu 14.2.0-4ubuntu2~24.04) 
... rest of stderr output deleted ...
configure:3756: $? = 0
configure:3745: gcc -V >&5
gcc: error: unrecognized command-line option '-V'
gcc: fatal error: no input files
compilation terminated.
configure:3756: $? = 1
configure:3745: gcc -qversion >&5
gcc: error: unrecognized command-line option '-qversion'; did you mean '--version'?
gcc: fatal error: no input files
compilation terminated.
configure:3756: $? = 1
configure:3745: gcc -version >&5
gcc: error: unrecognized command-line option '-version'
gcc: fatal error: no input files
compilation terminated.
configure:3756: $? = 1
configure:3776: checking whether the C compiler works
configure:3798: gcc    conftest.c  >&5
configure:3802: $? = 0
configure:3852: result: yes
configure:3855: checking for C compiler default output file name
configure:3857: result: a.out
configure:3863: checking for suffix of executables
configure:3870: gcc -o conftest    conftest.c  >&5
configure:3874: $? = 0
configure:3897: result: 
configure:3919: checking whether we are cross compiling
configure:3927: gcc -o conftest    conftest.c  >&5
configure:3931: $? = 0
configure:3938: ./conftest
configure:3942: $? = 0
configure:3957: result: no
configure:3962: checking for suffix of object files
configure:3985: gcc -c   conftest.c >&5
configure:3989: $? = 0
configure:4011: result: o
configure:4015: checking whether the compiler supports GNU C
configure:4035: gcc -c   conftest.c >&5
configure:4035: $? = 0
configure:4045: result: yes
configure:4056: checking whether gcc accepts -g
configure:4077: gcc -c -g  conftest.c >&5
configure:4077: $? = 0
configure:4121: result: yes
configure:4141: checking for gcc option to enable C11 features
configure:4156: gcc  -c -g -O2  conftest.c >&5
configure:4156: $? = 0
configure:4174: result: none needed
configure:4290: checking whether gcc understands -c and -o together
configure:4313: gcc -c conftest.c -o conftest2.o
configure:4316: $? = 0
configure:4313: gcc -c conftest.c -o conftest2.o
configure:4316: $? = 0
configure:4328: result: yes
configure:4348: checking whether make supports the include directive
configure:4363: make -f confmf.GNU && cat confinc.out
this is the am__doit target
configure:4366: $? = 0
configure:4385: result: yes (GNU style)
configure:4411: checking dependency style of gcc
configure:4523: result: gcc3
configure:4543: checking for gawk
configure:4575: result: mawk
configure:4591: checking how to run the C preprocessor
configure:4617: gcc -E  conftest.c
configure:4617: $? = 0
configure:4632: gcc -E  conftest.c
conftest.c:11:10: fatal error: ac_nonexistent.h: No such file or directory
   11 | #include <ac_nonexistent.h>
      |          ^~~~~~~~~~~~~~~~~~
compilation terminated.
configure:4632: $? = 1
configure: failed program was:
| /* confdefs.h */
| #define PACKAGE_NAME "oflops"
| #define PACKAGE_TARNAME "oflops"
| #define PACKAGE_VERSION "0.01"
| #define PACKAGE_STRING "oflops 0.01"
| #define PACKAGE_BUGREPORT "rob.sherwood@stanford.edu"
| #define PACKAGE_URL ""
| #define PACKAGE "oflops"
| #define VERSION "0.01"
| /* end confdefs.h.  */
| #include <ac_nonexistent.h>
configure:4659: result: gcc -E
configure:4673: gcc -E  conftest.c
configure:4673: $? = 0
configure:4688: gcc -E  conftest.c
conftest.c:11:10: fatal error: ac_nonexistent.h: No such file or directory
   11 | #include <ac_nonexistent.h>
      |          ^~~~~~~~~~~~~~~~~~
compilation terminated.
configure:4688: $? = 1
configure: failed program was:
| /* confdefs.h */
| #define PACKAGE_NAME "oflops"
| #define PACKAGE_TARNAME "oflops"
| #define PACKAGE_VERSION "0.01"
| #define PACKAGE_STRING "oflops 0.01"
| #define PACKAGE_BUGREPORT "rob.sherwood@stanford.edu"
| #define PACKAGE_URL ""
| #define PACKAGE "oflops"
| #define VERSION "0.01"
| /* end confdefs.h.  */
| #include <ac_nonexistent.h>
configure:4750: checking build system type
configure:4765: result: x86_64-pc-linux-gnu
configure:4785: checking host system type
configure:4799: result: x86_64-pc-linux-gnu
configure:4840: checking how to print strings
configure:4867: result: printf
configure:4888: checking for a sed that does not truncate output
configure:4958: result: /usr/bin/sed
configure:4976: checking for grep that handles long lines and -e
configure:5040: result: /usr/bin/grep
configure:5045: checking for egrep
configure:5113: result: /usr/bin/grep -E
configure:5118: checking for fgrep
configure:5186: result: /usr/bin/grep -F
configure:5222: checking for ld used by gcc
configure:5290: result: /usr/bin/ld
configure:5297: checking if the linker (/usr/bin/ld) is GNU ld
configure:5313: result: yes
configure:5325: checking for BSD- or MS-compatible name lister (nm)
configure:5380: result: /usr/bin/nm -B
configure:5520: checking the name lister (/usr/bin/nm -B) interface
configure:5528: gcc -c -g -O2  conftest.c >&5
configure:5531: /usr/bin/nm -B "conftest.o"
configure:5534: output
0000000000000000 B some_variable
configure:5541: result: BSD nm
configure:5544: checking whether ln -s works
configure:5548: result: yes
configure:5556: checking the maximum length of command line arguments
configure:5688: result: 1572864
configure:5736: checking how to convert x86_64-pc-linux-gnu file names to x86_64-pc-linux-gnu format
configure:5777: result: func_convert_file_noop
configure:5784: checking how to convert x86_64-pc-linux-gnu file names to toolchain format
configure:5805: result: func_convert_file_noop
configure:5812: checking for /usr/bin/ld option to reload object files
configure:5820: result: -r
configure:5899: checking for file
configure:5920: found /usr/bin/file
configure:5931: result: file
configure:6007: checking for objdump
configure:6028: found /usr/bin/objdump
configure:6039: result: objdump
configure:6071: checking how to recognize dependent libraries
configure:6272: result: pass_all
configure:6362: checking for dlltool
configure:6397: result: no
configure:6427: checking how to associate runtime and link libraries
configure:6455: result: printf %s\n
configure:6521: checking for ar
configure:6542: found /usr/bin/ar
configure:6553: result: ar
configure:6606: checking for archiver @FILE support
configure:6624: gcc -c -g -O2  conftest.c >&5
configure:6624: $? = 0
configure:6628: ar cr libconftest.a @conftest.lst >&5
configure:6631: $? = 0
configure:6636: ar cr libconftest.a @conftest.lst >&5
ar: conftest.o: No such file or directory
configure:6639: $? = 1
configure:6651: result: @
configure:6714: checking for strip
configure:6735: found /usr/bin/strip
configure:6746: result: strip
configure:6823: checking for ranlib
configure:6844: found /usr/bin/ranlib
configure:6855: result: ranlib
configure:6957: checking command to parse /usr/bin/nm -B output from gcc object
configure:7111: gcc -c -g -O2  conftest.c >&5
configure:7114: $? = 0
configure:7118: /usr/bin/nm -B conftest.o | /usr/bin/sed -n -e 's/^.*[	 ]\([ABCDGIRSTW][ABCDGIRSTW]*\)[	 ][	 ]*\([_A-Za-z][_A-Za-z0-9]*\)$/\1 \2 \2/p' | /usr/bin/sed '/ __gnu_lto/d' > conftest.nm
configure:7184: gcc -o conftest -g -O2   conftest.c conftstm.o >&5
configure:7187: $? = 0
configure:7225: result: ok
configure:7272: checking for sysroot
configure:7303: result: no
configure:7310: checking for a working dd
configure:7354: result: /usr/bin/dd
configure:7358: checking how to truncate binary pipes
configure:7374: result: /usr/bin/dd bs=4096 count=1
configure:7511: gcc -c -g -O2  conftest.c >&5
configure:7514: $? = 0
configure:7711: checking for mt
configure:7732: found /usr/bin/mt
configure:7743: result: mt
configure:7766: checking if mt is a manifest tool
configure:7773: mt '-?'
configure:7781: result: no
configure:8506: checking for stdio.h
configure:8506: gcc -c -g -O2  conftest.c >&5
configure:8506: $? = 0
configure:8506: result: yes
configure:8506: checking for stdlib.h
configure:8506: gcc -c -g -O2  conftest.c >&5
configure:8506: $? = 0
configure:8506: result: yes
configure:8506: checking for string.h
configure:8506: gcc -c -g -O2  conftest.c >&5
configure:8506: $? = 0
configure:8506: result: yes
configure:8506: checking for inttypes.h
configure:8506: gcc -c -g -O2  conftest.c >&5
configure:8506: $? = 0
configure:8506: result: yes
configure:8506: checking for stdint.h
configure:8506: gcc -c -g -O2  conftest.c >&5
configure:8506: $? = 0
configure:8506: result: yes
configure:8506: checking for strings.h
configure:8506: gcc -c -g -O2  conftest.c >&5
configure:8506: $? = 0
configure:8506: result: yes
configure:8506: checking for sys/stat.h
configure:8506: gcc -c -g -O2  conftest.c >&5
configure:8506: $? = 0
configure:8506: result: yes
configure:8506: checking for sys/types.h
configure:8506: gcc -c -g -O2  conftest.c >&5
configure:8506: $? = 0
configure:8506: result: yes
configure:8506: checking for unistd.h
configure:8506: gcc -c -g -O2  conftest.c >&5
configure:8506: $? = 0
configure:8506: result: yes
configure:8531: checking for dlfcn.h
configure:8531: gcc -c -g -O2  conftest.c >&5
configure:8531: $? = 0
configure:8531: result: yes
configure:8790: checking for objdir
configure:8806: result: .libs
configure:9066: checking if gcc supports -fno-rtti -fno-exceptions
configure:9085: gcc -c -g -O2  -fno-rtti -fno-exceptions conftest.c >&5
cc1: warning: command-line option '-fno-rtti' is valid for C++/D/ObjC++ but not for C
configure:9089: $? = 0
configure:9102: result: no
configure:9466: checking for gcc option to produce PIC
configure:9474: result: -fPIC -DPIC
configure:9482: checking if gcc PIC flag -fPIC -DPIC works
configure:9501: gcc -c -g -O2  -fPIC -DPIC -DPIC conftest.c >&5
configure:9505: $? = 0
configure:9518: result: yes
configure:9547: checking if gcc static flag -static works
configure:9576: result: yes
configure:9591: checking if gcc supports -c -o file.o
configure:9613: gcc -c -g -O2  -o out/conftest2.o conftest.c >&5
configure:9617: $? = 0
configure:9639: result: yes
configure:9647: checking if gcc supports -c -o file.o
configure:9695: result: yes
configure:9728: checking whether the gcc linker (/usr/bin/ld -m elf_x86_64) supports shared libraries
configure:11002: result: yes
configure:11039: checking whether -lc should be explicitly linked in
configure:11048: gcc -c -g -O2  conftest.c >&5
configure:11051: $? = 0
configure:11066: gcc -shared  -fPIC -DPIC conftest.o  -v -Wl,-soname -Wl,conftest -o conftest 2\>\&1 \| /usr/bin/grep  -lc  \>/dev/null 2\>\&1
configure:11069: $? = 0
configure:11083: result: no
configure:11243: checking dynamic linker characteristics
configure:11825: gcc -o conftest -g -O2   -Wl,-rpath -Wl,/foo conftest.c  >&5
configure:11825: $? = 0
configure:12076: result: GNU/Linux ld.so
configure:12198: checking how to hardcode library paths into programs
configure:12223: result: immediate
configure:12775: checking whether stripping libraries is possible
configure:12784: result: yes
configure:12826: checking if libtool supports shared libraries
configure:12828: result: yes
configure:12831: checking whether to build shared libraries
configure:12856: result: yes
configure:12859: checking whether to build static libraries
configure:12863: result: yes
configure:12905: checking for doxygen
configure:12943: result: no
configure:12949: WARNING: cannot find doxygen. Will not build source documentation
configure:12963: checking for config.h
configure:12963: gcc -c -g -O2  conftest.c >&5
conftest.c:51:10: fatal error: config.h: No such file or directory
   51 | #include <config.h>
      |          ^~~~~~~~~~
compilation terminated.
configure:12963: $? = 1
configure: failed program was:
| /* confdefs.h */
| #define PACKAGE_NAME "oflops"
| #define PACKAGE_TARNAME "oflops"
| #define PACKAGE_VERSION "0.01"
| #define PACKAGE_STRING "oflops 0.01"
| #define PACKAGE_BUGREPORT "rob.sherwood@stanford.edu"
| #define PACKAGE_URL ""
| #define PACKAGE "oflops"
| #define VERSION "0.01"
| #define HAVE_STDIO_H 1
| #define HAVE_STDLIB_H 1
| #define HAVE_STRING_H 1
| #define HAVE_INTTYPES_H 1
| #define HAVE_STDINT_H 1
| #define HAVE_STRINGS_H 1
| #define HAVE_SYS_STAT_H 1
| #define HAVE_SYS_TYPES_H 1
| #define HAVE_UNISTD_H 1
| #define STDC_HEADERS 1
| #define HAVE_DLFCN_H 1
| #define LT_OBJDIR ".libs/"
| /* end confdefs.h.  */
| #include <stddef.h>
| #ifdef HAVE_STDIO_H
| # include <stdio.h>
| #endif
| #ifdef HAVE_STDLIB_H
| # include <stdlib.h>
| #endif
| #ifdef HAVE_STRING_H
| # include <string.h>
| #endif
| #ifdef HAVE_INTTYPES_H
| # include <inttypes.h>
| #endif
| #ifdef HAVE_STDINT_H
| # include <stdint.h>
| #endif
| #ifdef HAVE_STRINGS_H
| # include <strings.h>
| #endif
| #ifdef HAVE_SYS_TYPES_H
| # include <sys/types.h>
| #endif
| #ifdef HAVE_SYS_STAT_H
| # include <sys/stat.h>
| #endif
| #ifdef HAVE_UNISTD_H
| # include <unistd.h>
| #endif
| #include <config.h>
configure:12963: result: no
configure:12969: checking for net/bpf.h
configure:12969: gcc -c -g -O2  conftest.c >&5
conftest.c:51:10: fatal error: net/bpf.h: No such file or directory
   51 | #include <net/bpf.h>
      |          ^~~~~~~~~~~
compilation terminated.
configure:12969: $? = 1
configure: failed program was:
| /* confdefs.h */
| #define PACKAGE_NAME "oflops"
| #define PACKAGE_TARNAME "oflops"
| #define PACKAGE_VERSION "0.01"
| #define PACKAGE_STRING "oflops 0.01"
| #define PACKAGE_BUGREPORT "rob.sherwood@stanford.edu"
| #define PACKAGE_URL ""
| #define PACKAGE "oflops"
| #define VERSION "0.01"
| #define HAVE_STDIO_H 1
| #define HAVE_STDLIB_H 1
| #define HAVE_STRING_H 1
| #define HAVE_INTTYPES_H 1
| #define HAVE_STDINT_H 1
| #define HAVE_STRINGS_H 1
| #define HAVE_SYS_STAT_H 1
| #define HAVE_SYS_TYPES_H 1
| #define HAVE_UNISTD_H 1
| #define STDC_HEADERS 1
| #define HAVE_DLFCN_H 1
| #define LT_OBJDIR ".libs/"
| /* end confdefs.h.  */
| #include <stddef.h>
| #ifdef HAVE_STDIO_H
| # include <stdio.h>
| #endif
| #ifdef HAVE_STDLIB_H
| # include <stdlib.h>
| #endif
| #ifdef HAVE_STRING_H
| # include <string.h>
| #endif
| #ifdef HAVE_INTTYPES_H
| # include <inttypes.h>
| #endif
| #ifdef HAVE_STDINT_H
| # include <stdint.h>
| #endif
| #ifdef HAVE_STRINGS_H
| # include <strings.h>
| #endif
| #ifdef HAVE_SYS_TYPES_H
| # include <sys/types.h>
| #endif
| #ifdef HAVE_SYS_STAT_H
| # include <sys/stat.h>
| #endif
| #ifdef HAVE_UNISTD_H
| # include <unistd.h>
| #endif
| #include <net/bpf.h>
configure:12969: result: no
configure:12980: checking for net-snmp/net-snmp-config.h
configure:12980: gcc -c -g -O2  conftest.c >&5
configure:12980: $? = 0
configure:12980: result: yes
configure:12994: checking for net-snmp/net-snmp-includes.h
configure:12994: gcc -c -g -O2  conftest.c >&5
configure:12994: $? = 0
configure:12994: result: yes
configure:13081: checking for _Bool
configure:13081: gcc -c -g -O2  conftest.c >&5
configure:13081: $? = 0
configure:13081: gcc -c -g -O2  conftest.c >&5
conftest.c: In function 'main':
conftest.c:58:20: error: expected expression before ')' token
   58 | if (sizeof ((_Bool)))
      |                    ^
configure:13081: $? = 1
configure: failed program was:
| /* confdefs.h */
| #define PACKAGE_NAME "oflops"
| #define PACKAGE_TARNAME "oflops"
| #define PACKAGE_VERSION "0.01"
| #define PACKAGE_STRING "oflops 0.01"
| #define PACKAGE_BUGREPORT "rob.sherwood@stanford.edu"
| #define PACKAGE_URL ""
| #define PACKAGE "oflops"
| #define VERSION "0.01"
| #define HAVE_STDIO_H 1
| #define HAVE_STDLIB_H 1
| #define HAVE_STRING_H 1
| #define HAVE_INTTYPES_H 1
| #define HAVE_STDINT_H 1
| #define HAVE_STRINGS_H 1
| #define HAVE_SYS_STAT_H 1
| #define HAVE_SYS_TYPES_H 1
| #define HAVE_UNISTD_H 1
| #define STDC_HEADERS 1
| #define HAVE_DLFCN_H 1
| #define LT_OBJDIR ".libs/"
| #define HAVE_NET_SNMP_NET_SNMP_CONFIG_H 1
| #define HAVE_NET_SNMP_NET_SNMP_INCLUDES_H 1
| #define HAVE_OFP_FLOW_REMOVED /**/
| #define OFPT_FLOW_EXPIRED OFPT_FLOW_REMOVED
| /* end confdefs.h.  */
| #include <stddef.h>
| #ifdef HAVE_STDIO_H
| # include <stdio.h>
| #endif
| #ifdef HAVE_STDLIB_H
| # include <stdlib.h>
| #endif
| #ifdef HAVE_STRING_H
| # include <string.h>
| #endif
| #ifdef HAVE_INTTYPES_H
| # include <inttypes.h>
| #endif
| #ifdef HAVE_STDINT_H
| # include <stdint.h>
| #endif
| #ifdef HAVE_STRINGS_H
| # include <strings.h>
| #endif
| #ifdef HAVE_SYS_TYPES_H
| # include <sys/types.h>
| #endif
| #ifdef HAVE_SYS_STAT_H
| # include <sys/stat.h>
| #endif
| #ifdef HAVE_UNISTD_H
| # include <unistd.h>
| #endif
| int
| main (void)
| {
| if (sizeof ((_Bool)))
| 	    return 0;
|   ;
|   return 0;
| }
configure:13081: result: yes
configure:13090: checking for stdbool.h that conforms to C99
configure:13206: gcc -c -g -O2  conftest.c >&5
configure:13206: $? = 0
configure:13214: result: yes
configure:13225: checking for strerror
configure:13225: gcc -o conftest -g -O2   conftest.c  >&5
configure:13225: $? = 0
configure:13225: result: yes
configure:13338: checking that generated files are newer than configure
configure:13344: result: done
configure:13371: creating ./config.status

## ---------------------- ##
## Running config.status. ##
## ---------------------- ##

This file was extended by oflops config.status 0.01, which was
generated by GNU Autoconf 2.71.  Invocation command line was

  CONFIG_FILES    = 
  CONFIG_HEADERS  = 
  CONFIG_LINKS    = 
  CONFIG_COMMANDS = 
  $ ./config.status 

on threesamyak-LOQ-15IRX9

config.status:1105: creating Makefile
config.status:1105: creating doc/doxygen.conf
config.status:1105: creating cbench/Makefile
config.status:1105: creating example_modules/Makefile
config.status:1105: creating example_modules/oflops_debug/Makefile
config.status:1105: creating example_modules/openflow_action_install/Makefile
config.status:1105: creating example_modules/openflow_action_measurement/Makefile
config.status:1105: creating example_modules/openflow_path_delay/Makefile
config.status:1105: creating example_modules/openflow_flow_dump_test/Makefile
config.status:1105: creating example_modules/openflow_packet_in/Makefile
config.status:1105: creating example_modules/openflow_port_status/Makefile
config.status:1105: creating example_modules/snmp_cpu/Makefile
config.status:1105: creating config.h
config.status:1286: config.h is unchanged
config.status:1334: executing depfiles commands
config.status:1411: cd .       && sed -e '/# am--include-marker/d' Makefile         | make -f - am--depfiles
make: Nothing to be done for 'am--depfiles'.
config.status:1416: $? = 0
config.status:1411: cd cbench       && sed -e '/# am--include-marker/d' Makefile         | make -f - am--depfiles
make: Nothing to be done for 'am--depfiles'.
config.status:1416: $? = 0
config.status:1411: cd example_modules/oflops_debug       && sed -e '/# am--include-marker/d' Makefile         | make -f - am--depfiles
make: Nothing to be done for 'am--depfiles'.
config.status:1416: $? = 0
config.status:1411: cd example_modules/openflow_action_install       && sed -e '/# am--include-marker/d' Makefile         | make -f - am--depfiles
make: Nothing to be done for 'am--depfiles'.
config.status:1416: $? = 0
config.status:1411: cd example_modules/openflow_action_measurement       && sed -e '/# am--include-marker/d' Makefile         | make -f - am--depfiles
make: Nothing to be done for 'am--depfiles'.
config.status:1416: $? = 0
config.status:1411: cd example_modules/openflow_path_delay       && sed -e '/# am--include-marker/d' Makefile         | make -f - am--depfiles
make: Nothing to be done for 'am--depfiles'.
config.status:1416: $? = 0
config.status:1411: cd example_modules/openflow_flow_dump_test       && sed -e '/# am--include-marker/d' Makefile         | make -f - am--depfiles
make: Nothing to be done for 'am--depfiles'.
config.status:1416: $? = 0
config.status:1411: cd example_modules/openflow_packet_in       && sed -e '/# am--include-marker/d' Makefile         | make -f - am--depfiles
make: Nothing to be done for 'am--depfiles'.
config.status:1416: $? = 0
config.status:1411: cd example_modules/openflow_port_status       && sed -e '/# am--include-marker/d' Makefile         | make -f - am--depfiles
make: Nothing to be done for 'am--depfiles'.
config.status:1416: $? = 0
config.status:1411: cd example_modules/snmp_cpu       && sed -e '/# am--include-marker/d' Makefile         | make -f - am--depfiles
make: Nothing to be done for 'am--depfiles'.
config.status:1416: $? = 0
config.status:1334: executing libtool commands

## ---------------- ##
## Cache variables. ##
## ---------------- ##

ac_cv_build=x86_64-pc-linux-gnu
ac_cv_c_compiler_gnu=yes
ac_cv_env_CC_set=
ac_cv_env_CC_value=
ac_cv_env_CFLAGS_set=
ac_cv_env_CFLAGS_value=
ac_cv_env_CPPFLAGS_set=
ac_cv_env_CPPFLAGS_value=
ac_cv_env_CPP_set=
ac_cv_env_CPP_value=
ac_cv_env_LDFLAGS_set=
ac_cv_env_LDFLAGS_value=
ac_cv_env_LIBS_set=
ac_cv_env_LIBS_value=
ac_cv_env_LT_SYS_LIBRARY_PATH_set=
ac_cv_env_LT_SYS_LIBRARY_PATH_value=
ac_cv_env_build_alias_set=
ac_cv_env_build_alias_value=
ac_cv_env_host_alias_set=
ac_cv_env_host_alias_value=
ac_cv_env_target_alias_set=
ac_cv_env_target_alias_value=
ac_cv_file__home_threesamyak_col334_mininet_build_openflow_include_openflow_openflow_h=yes
ac_cv_func_strerror=yes
ac_cv_header_config_h=no
ac_cv_header_dlfcn_h=yes
ac_cv_header_inttypes_h=yes
ac_cv_header_net_bpf_h=no
ac_cv_header_net_snmp_net_snmp_config_h=yes
ac_cv_header_net_snmp_net_snmp_includes_h=yes
ac_cv_header_stdbool_h=yes
ac_cv_header_stdint_h=yes
ac_cv_header_stdio_h=yes
ac_cv_header_stdlib_h=yes
ac_cv_header_string_h=yes
ac_cv_header_strings_h=yes
ac_cv_header_sys_stat_h=yes
ac_cv_header_sys_types_h=yes
ac_cv_header_unistd_h=yes
ac_cv_host=x86_64-pc-linux-gnu
ac_cv_objext=o
ac_cv_path_EGREP='/usr/bin/grep -E'
ac_cv_path_FGREP='/usr/bin/grep -F'
ac_cv_path_GREP=/usr/bin/grep
ac_cv_path_SED=/usr/bin/sed
ac_cv_path_install='/usr/bin/install -c'
ac_cv_path_lt_DD=/usr/bin/dd
ac_cv_path_mkdir=/usr/bin/mkdir
ac_cv_prog_AWK=mawk
ac_cv_prog_CPP='gcc -E'
ac_cv_prog_ac_ct_AR=ar
ac_cv_prog_ac_ct_CC=gcc
ac_cv_prog_ac_ct_FILECMD=file
ac_cv_prog_ac_ct_MANIFEST_TOOL=mt
ac_cv_prog_ac_ct_OBJDUMP=objdump
ac_cv_prog_ac_ct_RANLIB=ranlib
ac_cv_prog_ac_ct_STRIP=strip
ac_cv_prog_cc_c11=
ac_cv_prog_cc_g=yes
ac_cv_prog_cc_stdc=
ac_cv_prog_make_make_set=yes
ac_cv_type__Bool=yes
am_cv_CC_dependencies_compiler_type=gcc3
am_cv_make_support_nested_variables=yes
am_cv_prog_cc_c_o=yes
lt_cv_ar_at_file=@
lt_cv_archive_cmds_need_lc=no
lt_cv_deplibs_check_method=pass_all
lt_cv_file_magic_cmd='$MAGIC_CMD'
lt_cv_file_magic_test_file=
lt_cv_ld_reload_flag=-r
lt_cv_nm_interface='BSD nm'
lt_cv_objdir=.libs
lt_cv_path_LD=/usr/bin/ld
lt_cv_path_NM='/usr/bin/nm -B'
lt_cv_path_mainfest_tool=no
lt_cv_prog_compiler_c_o=yes
lt_cv_prog_compiler_pic='-fPIC -DPIC'
lt_cv_prog_compiler_pic_works=yes
lt_cv_prog_compiler_rtti_exceptions=no
lt_cv_prog_compiler_static_works=yes
lt_cv_prog_gnu_ld=yes
lt_cv_sharedlib_from_linklib_cmd='printf %s\n'
lt_cv_shlibpath_overrides_runpath=yes
lt_cv_sys_global_symbol_pipe='/usr/bin/sed -n -e '\''s/^.*[	 ]\([ABCDGIRSTW][ABCDGIRSTW]*\)[	 ][	 ]*\([_A-Za-z][_A-Za-z0-9]*\)$/\1 \2 \2/p'\'' | /usr/bin/sed '\''/ __gnu_lto/d'\'''
lt_cv_sys_global_symbol_to_c_name_address='/usr/bin/sed -n -e '\''s/^: \(.*\) .*$/  {"\1", (void *) 0},/p'\'' -e '\''s/^[ABCDGIRSTW][ABCDGIRSTW]* .* \(.*\)$/  {"\1", (void *) \&\1},/p'\'''
lt_cv_sys_global_symbol_to_c_name_address_lib_prefix='/usr/bin/sed -n -e '\''s/^: \(.*\) .*$/  {"\1", (void *) 0},/p'\'' -e '\''s/^[ABCDGIRSTW][ABCDGIRSTW]* .* \(lib.*\)$/  {"\1", (void *) \&\1},/p'\'' -e '\''s/^[ABCDGIRSTW][ABCDGIRSTW]* .* \(.*\)$/  {"lib\1", (void *) \&\1},/p'\'''
lt_cv_sys_global_symbol_to_cdecl='/usr/bin/sed -n -e '\''s/^T .* \(.*\)$/extern int \1();/p'\'' -e '\''s/^[ABCDGIRSTW][ABCDGIRSTW]* .* \(.*\)$/extern char \1;/p'\'''
lt_cv_sys_global_symbol_to_import=
lt_cv_sys_max_cmd_len=1572864
lt_cv_to_host_file_cmd=func_convert_file_noop
lt_cv_to_tool_file_cmd=func_convert_file_noop
lt_cv_truncate_bin='/usr/bin/dd bs=4096 count=1'

## ----------------- ##
## Output variables. ##
## ----------------- ##

ACLOCAL='${SHELL} '\''/home/threesamyak/col334/mininet/build/oflops/missing'\'' aclocal-1.16'
AMDEPBACKSLASH='\'
AMDEP_FALSE='#'
AMDEP_TRUE=''
AMTAR='$${TAR-tar}'
AM_BACKSLASH='\'
AM_DEFAULT_V='$(AM_DEFAULT_VERBOSITY)'
AM_DEFAULT_VERBOSITY='1'
AM_V='$(V)'
AR='ar'
AUTOCONF='${SHELL} '\''/home/threesamyak/col334/mininet/build/oflops/missing'\'' autoconf'
AUTOHEADER='${SHELL} '\''/home/threesamyak/col334/mininet/build/oflops/missing'\'' autoheader'
AUTOMAKE='${SHELL} '\''/home/threesamyak/col334/mininet/build/oflops/missing'\'' automake-1.16'
AWK='mawk'
CC='gcc'
CCDEPMODE='depmode=gcc3'
CFLAGS='-g -O2'
CPP='gcc -E'
CPPFLAGS=''
CSCOPE='cscope'
CTAGS='ctags'
CYGPATH_W='echo'
DEFS='-DHAVE_CONFIG_H'
DEPDIR='.deps'
DLLTOOL='false'
DOXYGEN=''
DSYMUTIL=''
DUMPBIN=''
ECHO_C=''
ECHO_N='-n'
ECHO_T=''
EGREP='/usr/bin/grep -E'
ETAGS='etags'
EXEEXT=''
FGREP='/usr/bin/grep -F'
FILECMD='file'
GREP='/usr/bin/grep'
HAVE_DOXYGEN_FALSE=''
HAVE_DOXYGEN_TRUE='#'
INSTALL_DATA='${INSTALL} -m 644'
INSTALL_PROGRAM='${INSTALL}'
INSTALL_SCRIPT='${INSTALL}'
INSTALL_STRIP_PROGRAM='$(install_sh) -c -s'
LD='/usr/bin/ld -m elf_x86_64'
LDFLAGS=''
LIBOBJS=''
LIBS=''
LIBTOOL='$(SHELL) $(top_builddir)/libtool'
LIPO=''
LN_S='ln -s'
LTLIBOBJS=''
LT_SYS_LIBRARY_PATH=''
MAKEINFO='${SHELL} '\''/home/threesamyak/col334/mininet/build/oflops/missing'\'' makeinfo'
MANIFEST_TOOL=':'
MKDIR_P='/usr/bin/mkdir -p'
NM='/usr/bin/nm -B'
NMEDIT=''
OBJDUMP='objdump'
OBJEXT='o'
OTOOL64=''
OTOOL=''
PACKAGE='oflops'
PACKAGE_BUGREPORT='rob.sherwood@stanford.edu'
PACKAGE_NAME='oflops'
PACKAGE_STRING='oflops 0.01'
PACKAGE_TARNAME='oflops'
PACKAGE_URL=''
PACKAGE_VERSION='0.01'
PATH_SEPARATOR=':'
RANLIB='ranlib'
SED='/usr/bin/sed'
SET_MAKE=''
SHELL='/bin/bash'
STRIP='strip'
VERSION='0.01'
ac_ct_AR='ar'
ac_ct_CC='gcc'
ac_ct_DUMPBIN=''
am__EXEEXT_FALSE=''
am__EXEEXT_TRUE='#'
am__fastdepCC_FALSE='#'
am__fastdepCC_TRUE=''
am__include='include'
am__isrc=''
am__leading_dot='.'
am__nodep='_no'
am__quote=''
am__tar='$${TAR-tar} chof - "$$tardir"'
am__untar='$${TAR-tar} xf -'
bindir='${exec_prefix}/bin'
build='x86_64-pc-linux-gnu'
build_alias=''
build_cpu='x86_64'
build_os='linux-gnu'
build_vendor='pc'
datadir='${datarootdir}'
datarootdir='${prefix}/share'
docdir='${datarootdir}/doc/${PACKAGE_TARNAME}'
dvidir='${docdir}'
exec_prefix='${prefix}'
host='x86_64-pc-linux-gnu'
host_alias=''
host_cpu='x86_64'
host_os='linux-gnu'
host_vendor='pc'
htmldir='${docdir}'
includedir='${prefix}/include'
infodir='${datarootdir}/info'
install_sh='${SHELL} /home/threesamyak/col334/mininet/build/oflops/install-sh'
libdir='${exec_prefix}/lib'
libexecdir='${exec_prefix}/libexec'
localedir='${datarootdir}/locale'
localstatedir='${prefix}/var'
mandir='${datarootdir}/man'
mkdir_p='$(MKDIR_P)'
oldincludedir='/usr/include'
openflowsrc='/home/threesamyak/col334/mininet/build/openflow'
pdfdir='${docdir}'
prefix='/usr/local'
program_transform_name='s,x,x,'
psdir='${docdir}'
runstatedir='${localstatedir}/run'
sbindir='${exec_prefix}/sbin'
sharedstatedir='${prefix}/com'
sysconfdir='${prefix}/etc'
target_alias=''

## ----------- ##
## confdefs.h. ##
## ----------- ##

/* confdefs.h */
#define PACKAGE_NAME "oflops"
#define PACKAGE_TARNAME "oflops"
#define PACKAGE_VERSION "0.01"
#define PACKAGE_STRING "oflops 0.01"
#define PACKAGE_BUGREPORT "rob.sherwood@stanford.edu"
#define PACKAGE_URL ""
#define PACKAGE "oflops"
#define VERSION "0.01"
#define HAVE_STDIO_H 1
#define HAVE_STDLIB_H 1
#define HAVE_STRING_H 1
#define HAVE_INTTYPES_H 1
#define HAVE_STDINT_H 1
#define HAVE_STRINGS_H 1
#define HAVE_SYS_STAT_H 1
#define HAVE_SYS_TYPES_H 1
#define HAVE_UNISTD_H 1
#define STDC_HEADERS 1
#define HAVE_DLFCN_H 1
#define LT_OBJDIR ".libs/"
#define HAVE_NET_SNMP_NET_SNMP_CONFIG_H 1
#define HAVE_NET_SNMP_NET_SNMP_INCLUDES_H 1
#define HAVE_OFP_FLOW_REMOVED /**/
#define OFPT_FLOW_EXPIRED OFPT_FLOW_REMOVED
#define HAVE__BOOL 1
#define HAVE_STDBOOL_H 1
#define HAVE_STRERROR 1

configure: exit 0
